Microchip MPLAB XC8 Compiler V2.36

Linker command line:

-W-3 --edf=C:\Program Files\Microchip\xc8\v2.36\pic\dat\en_msgs.txt -cn \
  -h+dist/default/production\final_project.X.production.sym \
  --cmf=dist/default/production\final_project.X.production.cmf -z -Q18F458 \
  -oC:\Users\user\AppData\Local\Temp\xcAs7lo.4 --defsym=__MPLAB_BUILD=1 \
  -Mdist/default/production/final_project.X.production.map \
  --md=C:\Users\user\AppData\Local\Temp\xcAs7lo.dat -E1 -ver=XC8 Compiler \
  --acfsm=1493 -ACODE=00h-03FFFhx2 -ACONST=00h-07FFFh \
  -ASMALLCONST=0600h-06FFhx122 -AMEDIUMCONST=0600h-07FFFh -ACOMRAM=01h-05Fh \
  -AABS1=00h-05FFh -ABIGRAM=01h-05FFh -ARAM=060h-0FFh,0100h-01FFhx5 \
  -ABANK0=060h-0FFh -ABANK1=0100h-01FFh -ABANK2=0200h-02FFh \
  -ABANK3=0300h-03FFh -ABANK4=0400h-04FFh -ABANK5=0500h-05FFh \
  -ASFR=0F00h-0F5Fh,0F60h-0FFFh -ABIGSFR=0F00h-0FFFh \
  -ACONFIG=0300000h-030000Dh -AIDLOC=0200000h-0200007h \
  -AEEDATA=0F00000h-0F000FFh -peeprom_data=EEDATA \
  -preset_vec=00h,intcode=08h,intcodelo,powerup,init -pramtop=0600h \
  -psmallconst=SMALLCONST -pmediumconst=MEDIUMCONST -pconst=CONST \
  -AFARRAM=00h-00h \
  -prdata=COMRAM,nvrram=COMRAM,nvbit=COMRAM,rbss=COMRAM,rbit=COMRAM \
  -pfarbss=FARRAM,fardata=FARRAM,nvFARRAM=FARRAM \
  -pintsave_regs=BIGRAM,bigbss=BIGRAM,bigdata=BIGRAM -pbss=RAM \
  -pidata=CODE,irdata=CODE,ibigdata=CODE,ifardata=CODE -prparam=COMRAM \
  C:\Users\user\AppData\Local\Temp\xcAs7lo.o \
  dist/default/production\final_project.X.production.o 

Object code version is 3.11

Machine type is 18F458



                Name                               Link     Load   Length Selector   Space Scale
C:\Users\user\AppData\Local\Temp\xcAs7lo.o
                idloc                            200000   200000        8        0       5
                config                           300000   300000        E        0       4
                text                                222      222        2        4       0
                init                                102      102        4        4       0
                reset_vec                             0        0        6        0       0
dist/default/production\final_project.X.production.o
                intcode                               8        8       FA        4       0
                idloc                            200000   200000        8        0       5
                config                           300000   300000        E        0       4
                temp                                  F        F        1        1       1
                text5                               194      194       3E        4       0
                text3                               154      154       40        4       0
                text2                               218      218        A        4       0
                text1                               1D2      1D2       30        4       0
                text0                               106      106       4E        4       0
                cstackCOMRAM                          C        C        3        1       1
                bssCOMRAM                             1        1        B        1       1
                cinit                               202      202       16        4       0

TOTAL           Name                               Link     Load   Length     Space
        CLASS   CODE           
                intcode                               8        8       FA         0
                text                                222      222        2         0
                init                                102      102        4         0
                reset_vec                             0        0        6         0
                text5                               194      194       3E         0
                text3                               154      154       40         0
                text2                               218      218        A         0
                text1                               1D2      1D2       30         0
                text0                               106      106       4E         0
                cinit                               202      202       16         0

        CLASS   CONST          

        CLASS   SMALLCONST     

        CLASS   MEDIUMCONST    

        CLASS   COMRAM         
                temp                                  F        F        1         1
                cstackCOMRAM                          C        C        3         1
                bssCOMRAM                             1        1        B         1

        CLASS   ABS1           

        CLASS   BIGRAM         

        CLASS   RAM            

        CLASS   BANK0          

        CLASS   BANK1          

        CLASS   BANK2          

        CLASS   BANK3          

        CLASS   BANK4          

        CLASS   BANK5          

        CLASS   SFR            

        CLASS   BIGSFR         

        CLASS   CONFIG         
                config                           300000   300000        E         4

        CLASS   IDLOC          
                idloc                            200000   200000        8         5

        CLASS   EEDATA         

        CLASS   FARRAM         

        CLASS   HEAP           

        CLASS   STACK          



SEGMENTS        Name                           Load    Length   Top    Selector   Space  Class

                reset_vec                      000000  000006  000006         0       0  CODE    
                bssCOMRAM                      000001  00000F  000010         1       1  COMRAM  
                intcode                        000008  00021C  000224         4       0  CODE    


UNUSED ADDRESS RANGES

        Name                Unused          Largest block    Delta
        BANK0            000060-0000FF               A0
        BANK1            000100-0001FF              100
        BANK2            000200-0002FF              100
        BANK3            000300-0003FF              100
        BANK4            000400-0004FF              100
        BANK5            000500-0005FF              100
        BIGRAM           000010-0005FF              5F0
        BIGSFR           000F00-000FFF              100
        CODE             000006-000007                2
                         000224-007FFF             3DDC
        COMRAM           000010-00005F               50
        CONST            000006-000007                2
                         000224-007FFF             7DDC
        EEDATA           F00000-F000FF              100
        MEDIUMCONST      000600-007FFF             7A00
        RAM              000060-0005FF              100
        SFR              000F00-000FFF               60
        SMALLCONST       000600-007FFF              100

                                  Symbol Table

_BRGCON1                                                            (abs)        000F70
_BRGCON2                                                            (abs)        000F71
_BRGCON3                                                            (abs)        000F72
_CANCON                                                             (abs)        000F6F
_CANSTAT                                                            (abs)        000F6E
_CIOCON                                                             (abs)        000F73
_INTCONbits                                                         (abs)        000FF2
_IPR3bits                                                           (abs)        000FA5
_ISR1                                                               intcode      000008
_LATAbits                                                           (abs)        000F89
_PIE3bits                                                           (abs)        000FA3
_PIR3bits                                                           (abs)        000FA4
_PORTBbits                                                          (abs)        000F81
_RBPU                                                               (abs)        007F8F
_RXB0CONbits                                                        (abs)        000F60
_RXB0D0                                                             (abs)        000F66
_RXB0D1                                                             (abs)        000F67
_RXB0D2                                                             (abs)        000F68
_RXB0D3                                                             (abs)        000F69
_RXB0D4                                                             (abs)        000F6A
_RXB0D5                                                             (abs)        000F6B
_RXB0D6                                                             (abs)        000F6C
_RXB0D7                                                             (abs)        000F6D
_RXB0DLC                                                            (abs)        000F65
_RXB0SIDH                                                           (abs)        000F61
_RXB0SIDL                                                           (abs)        000F62
_TRISAbits                                                          (abs)        000F92
_TRISBbits                                                          (abs)        000F93
_TXB0CON                                                            (abs)        000F40
_TXB0D1                                                             (abs)        000F47
_TXB0D3                                                             (abs)        000F49
_TXB0D5                                                             (abs)        000F4B
_TXB0DLC                                                            (abs)        000F45
_TXB0SIDH                                                           (abs)        000F41
_TXB0SIDL                                                           (abs)        000F42
__HRAM                                                              (abs)        000000
__Habs1                                                             abs1         000000
__Hbank0                                                            bank0        000000
__Hbank1                                                            bank1        000000
__Hbank2                                                            bank2        000000
__Hbank3                                                            bank3        000000
__Hbank4                                                            bank4        000000
__Hbank5                                                            bank5        000000
__Hbigbss                                                           bigbss       000000
__Hbigdata                                                          bigdata      000000
__Hbigram                                                           bigram       000000
__Hbigsfr                                                           bigsfr       000000
__Hbss                                                              bss          000000
__HbssCOMRAM                                                        bssCOMRAM    000000
__Hcinit                                                            cinit        000000
__Hclrtext                                                          clrtext      000000
__Hcomram                                                           comram       000000
__Hconfig                                                           config       30000E
__Hconst                                                            const        000000
__HcstackCOMRAM                                                     cstackCOMRAM 000000
__Hdata                                                             data         000000
__Heeprom_data                                                      eeprom_data  000000
__Hfarbss                                                           farbss       000000
__Hfardata                                                          fardata      000000
__Hheap                                                             heap         000000
__Hibigdata                                                         ibigdata     000000
__Hidata                                                            idata        000000
__Hidloc                                                            idloc        200008
__Hifardata                                                         ifardata     000000
__Hinit                                                             init         000106
__Hintcode                                                          intcode      000102
__Hintcode_body                                                     intcode_body 000000
__Hintcodelo                                                        intcodelo    000102
__Hintentry                                                         intentry     000000
__Hintret                                                           intret       000000
__Hintsave_regs                                                     intsave_regs 000000
__Hirdata                                                           irdata       000000
__Hmediumconst                                                      mediumconst  000000
__HnvFARRAM                                                         nvFARRAM     000000
__Hnvbit                                                            nvbit        000000
__Hnvrram                                                           nvrram       000000
__Hparam                                                            rparam       000000
__Hpowerup                                                          powerup      000102
__Hram                                                              ram          000000
__Hramtop                                                           ramtop       000600
__Hrbit                                                             rbit         000000
__Hrbss                                                             rbss         000000
__Hrdata                                                            rdata        000000
__Hreset_vec                                                        reset_vec    000006
__Hrparam                                                           rparam       000000
__Hsfr                                                              sfr          000000
__Hsmallconst                                                       smallconst   000000
__Hspace_0                                                          (abs)        000600
__Hspace_1                                                          (abs)        000010
__Hspace_2                                                          (abs)        000000
__Hspace_4                                                          (abs)        60000E
__Hstack                                                            stack        000000
__Hstruct                                                           struct       000000
__Htemp                                                             temp         000010
__Htext                                                             text         000000
__Htext0                                                            text0        000000
__Htext1                                                            text1        000000
__Htext2                                                            text2        000000
__Htext3                                                            text3        000000
__Htext5                                                            text5        000000
__LRAM                                                              (abs)        000001
__Labs1                                                             abs1         000000
__Lbank0                                                            bank0        000000
__Lbank1                                                            bank1        000000
__Lbank2                                                            bank2        000000
__Lbank3                                                            bank3        000000
__Lbank4                                                            bank4        000000
__Lbank5                                                            bank5        000000
__Lbigbss                                                           bigbss       000000
__Lbigdata                                                          bigdata      000000
__Lbigram                                                           bigram       000000
__Lbigsfr                                                           bigsfr       000000
__Lbss                                                              bss          000000
__LbssCOMRAM                                                        bssCOMRAM    000000
__Lcinit                                                            cinit        000000
__Lclrtext                                                          clrtext      000000
__Lcomram                                                           comram       000000
__Lconfig                                                           config       000000
__Lconst                                                            const        000000
__LcstackCOMRAM                                                     cstackCOMRAM 000000
__Ldata                                                             data         000000
__Leeprom_data                                                      eeprom_data  000000
__Lfarbss                                                           farbss       000000
__Lfardata                                                          fardata      000000
__Lheap                                                             heap         000000
__Libigdata                                                         ibigdata     000000
__Lidata                                                            idata        000000
__Lidloc                                                            idloc        000000
__Lifardata                                                         ifardata     000000
__Linit                                                             init         000102
__Lintcode                                                          intcode      000008
__Lintcode_body                                                     intcode_body 000000
__Lintcodelo                                                        intcodelo    000102
__Lintentry                                                         intentry     000000
__Lintret                                                           intret       000000
__Lintsave_regs                                                     intsave_regs 000000
__Lirdata                                                           irdata       000000
__Lmediumconst                                                      mediumconst  000000
__LnvFARRAM                                                         nvFARRAM     000000
__Lnvbit                                                            nvbit        000000
__Lnvrram                                                           nvrram       000000
__Lparam                                                            rparam       000000
__Lpowerup                                                          powerup      000102
__Lram                                                              ram          000000
__Lramtop                                                           ramtop       000600
__Lrbit                                                             rbit         000000
__Lrbss                                                             rbss         000000
__Lrdata                                                            rdata        000000
__Lreset_vec                                                        reset_vec    000000
__Lrparam                                                           rparam       000000
__Lsfr                                                              sfr          000000
__Lsmallconst                                                       smallconst   000000
__Lspace_0                                                          (abs)        000000
__Lspace_1                                                          (abs)        000000
__Lspace_2                                                          (abs)        000000
__Lspace_4                                                          (abs)        000000
__Lstack                                                            stack        000000
__Lstruct                                                           struct       000000
__Ltemp                                                             temp         00000F
__Ltext                                                             text         000000
__Ltext0                                                            text0        000000
__Ltext1                                                            text1        000000
__Ltext2                                                            text2        000000
__Ltext3                                                            text3        000000
__Ltext5                                                            text5        000000
__S0                                                                (abs)        000224
__S1                                                                (abs)        000010
__S4                                                                (abs)        000000
__S5                                                                (abs)        000000
___heap_hi                                                          (abs)        000000
___heap_lo                                                          (abs)        000000
___inthi_sp                                                         stack        000000
___intlo_sp                                                         stack        000000
___param_bank                                                       (abs)        000000
___rparam_used                                                      (abs)        000001
___sp                                                               stack        000000
__accesstop                                                         (abs)        000060
__activetblptr                                                      (abs)        000000
__cntErrataNOP_C:\Users\user\AppData\Local\Temp\xcAs7lo.o           (abs)        000001
__cntErrataNOP_dist/default/production\final_project.X.production.o (abs)        000028
__end_of_ISR1                                                       intcode      000102
__end_of__initialization                                            cinit        00020E
__end_of_can_init                                                   text3        000194
__end_of_can_read                                                   text5        0001D0
__end_of_main                                                       text0        000154
__end_of_sys_init                                                   text2        000222
__end_of_tx_buffer0                                                 text1        000202
__initialization                                                    cinit        000202
__mediumconst                                                       mediumconst  000000
__pbssCOMRAM                                                        bssCOMRAM    000001
__pcinit                                                            cinit        000202
__pcstackCOMRAM                                                     cstackCOMRAM 00000C
__pintcode                                                          intcode      000008
__ptext0                                                            text0        000106
__ptext1                                                            text1        0001D2
__ptext2                                                            text2        000218
__ptext3                                                            text3        000154
__ptext5                                                            text5        000194
__ramtop                                                            ramtop       000600
__smallconst                                                        smallconst   000000
_can_init                                                           text3        000154
_can_read                                                           text5        000194
_can_read_msg                                                       bssCOMRAM    000001
_main                                                               text0        000106
_sys_init                                                           text2        000218
_tx_buffer0                                                         text1        0001D2
btemp                                                               temp         00000F
end_of_initialization                                               cinit        00020E
int$flags                                                           temp         00000F
intlevel0                                                           text         000222
intlevel1                                                           text         000222
intlevel2                                                           text         000222
intlevel3                                                           text         000222
isa$std                                                             (abs)        000001
isa$xinst                                                           (abs)        000000
stackhi                                                             (abs)        000000
stacklo                                                             (abs)        000000
start                                                               init         000102
start_initialization                                                cinit        000202
ttemp5                                                              temp         000010
ttemp6                                                              temp         000013
ttemp7                                                              temp         000017
wtemp8                                                              temp         000010


MODULE INFORMATION

Module		Function		Class		Link	Load	Size
team5_IC.c
		_sys_init      		CODE           	0218	0000	10
		_can_read      		CODE           	0194	0000	60
		_can_init      		CODE           	0154	0000	64
		_main          		CODE           	0106	0000	78
		_ISR1          		CODE           	0008	0000	250
		_tx_buffer0    		CODE           	01D2	0000	48

team5_IC.c estimated size: 510

shared
		__initialization		CODE           	0202	0000	12

shared estimated size: 12

